1787998305007 TAG_FAILED R18-lasme-lexicon GRAPH_TAG_INVALID_PREDICATE: lexicon.threshold not in ontology
1787998305007 TAG_FAILED R18-lasme-lexicon GRAPH_TAG_INVALID_PREDICATE: lexicon.threshold not in ontology
1787998305007 TAG_FAILED R18-lasme-lexicon GRAPH_TAG_INVALID_PREDICATE: lexicon.threshold not in ontology
1787998305007 TAG_FAILED R18-lasme-lexicon GRAPH_TAG_INVALID_PREDICATE: lexicon.threshold not in ontology
1787998305007 TAG_FAILED R18-lasme-lexicon GRAPH_TAG_INVALID_PREDICATE: lexicon.degenerate not in ontology
1787998305007 TAG_FAILED R18-lasme-lexicon GRAPH_TAG_INVALID_PREDICATE: lexicon.missing not in ontology
1787998305007 TAG_FAILED R18-lasme-lexicon GRAPH_TAG_INVALID_PREDICATE: lexicon.threshold not in ontology
1787998305007 TAG_FAILED R19-lasme-actor GRAPH_TAG_INVALID_PREDICATE: actor.unsubscribed not in ontology
1787998305007 TAG_FAILED R19-lasme-actor GRAPH_TAG_INVALID_PREDICATE: actor.unsubscribed not in ontology
1787998305007 TAG_FAILED R19-lasme-actor GRAPH_TAG_INVALID_PREDICATE: actor.broken-flow not in ontology
1787998305007 TAG_FAILED R19-lasme-actor GRAPH_TAG_INVALID_PREDICATE: actor.orphan not in ontology
1787998305007 TAG_FAILED R19-lasme-actor GRAPH_TAG_INVALID_PREDICATE: actor.topology-drift not in ontology
1787998305007 TAG_FAILED R19-lasme-actor GRAPH_TAG_INVALID_PREDICATE: actor.topology-drift not in ontology
1787998305007 TAG_FAILED R20-lasme-state-machine GRAPH_TAG_INVALID_PREDICATE: state-machine.topology-drift not in ontology
1787998305007 TAG_FAILED R20-lasme-state-machine GRAPH_TAG_INVALID_PREDICATE: state-machine.scattered-flags not in ontology
1787998305007 TAG_FAILED R20-lasme-state-machine GRAPH_TAG_INVALID_PREDICATE: state-machine.scattered-flags not in ontology
1787998305007 TAG_FAILED R20-lasme-state-machine GRAPH_TAG_INVALID_PREDICATE: state-machine.unreachable not in ontology
1787998305007 TAG_FAILED R20-lasme-state-machine GRAPH_TAG_INVALID_PREDICATE: state-machine.missing-terminal not in ontology
1787998305007 TAG_FAILED R20-lasme-state-machine GRAPH_TAG_INVALID_PREDICATE: state-machine.scattered-flags not in ontology
1787998305007 TAG_FAILED R21-lasme-engine GRAPH_TAG_INVALID_PREDICATE: engine.silentDegrade not in ontology
1787998305007 TAG_FAILED R21-lasme-engine GRAPH_TAG_INVALID_PREDICATE: engine.silentDegrade not in ontology
1787998305007 TAG_FAILED R21-lasme-engine GRAPH_TAG_INVALID_PREDICATE: engine.unguardedWrite not in ontology
1787998305007 TAG_FAILED R21-lasme-engine GRAPH_TAG_INVALID_PREDICATE: engine.unguardedSideEffect not in ontology
1787998305007 TAG_FAILED R21-lasme-engine GRAPH_TAG_INVALID_PREDICATE: engine.silentDegrade not in ontology
1787998305007 TAG_FAILED R22-lasme-adapter GRAPH_TAG_INVALID_PREDICATE: adapter.delegation-parity not in ontology
1787998305007 TAG_FAILED R22-lasme-adapter GRAPH_TAG_INVALID_PREDICATE: adapter.snapshot-merge not in ontology
1787998305008 TAG_FAILED R22-lasme-adapter GRAPH_TAG_INVALID_PREDICATE: adapter.unguarded-wrap not in ontology
1787998305008 TAG_FAILED R22-lasme-adapter GRAPH_TAG_INVALID_PREDICATE: adapter.delegation-parity not in ontology
1787998305008 TAG_FAILED R22-lasme-adapter GRAPH_TAG_INVALID_PREDICATE: adapter.unguarded-wrap not in ontology
1787998305008 TAG_FAILED R22-lasme-adapter GRAPH_TAG_INVALID_PREDICATE: adapter.delegation-parity not in ontology
1787998305008 TAG_FAILED R22-lasme-adapter GRAPH_TAG_INVALID_PREDICATE: adapter.snapshot-merge not in ontology
1787998305008 TAG_FAILED R22-lasme-adapter GRAPH_TAG_INVALID_PREDICATE: adapter.stale-delegation not in ontology
1787998305008 TAG_FAILED R23-lasme-mpse-threshold GRAPH_TAG_INVALID_PREDICATE: mpse.threshold not in ontology
1787998305008 TAG_FAILED R23-lasme-mpse-threshold GRAPH_TAG_INVALID_PREDICATE: mpse.threshold not in ontology
1787998305008 TAG_FAILED R23-lasme-mpse-threshold GRAPH_TAG_INVALID_PREDICATE: mpse.threshold not in ontology
1787998305008 TAG_FAILED R23-lasme-mpse-threshold GRAPH_TAG_INVALID_PREDICATE: mpse.threshold not in ontology
1787998305008 TAG_FAILED lasme-meta GRAPH_TAG_INVALID_PREDICATE: lasme-meta.orphan-actor not in ontology
1787998305008 TAG_FAILED lasme-meta GRAPH_TAG_INVALID_PREDICATE: lasme-meta.actor-missing-subscribe not in ontology
1787998305008 TAG_FAILED lasme-meta GRAPH_TAG_INVALID_PREDICATE: lasme-meta.topology-drift not in ontology
1787998305008 TAG_FAILED lasme-meta GRAPH_TAG_INVALID_PREDICATE: lasme-meta.silent-degrade not in ontology
1787998305008 TAG_FAILED lasme-meta GRAPH_TAG_INVALID_PREDICATE: lasme-meta.adapter-parity-stub not in ontology
1787998305008 TAG_FAILED lasme-meta GRAPH_TAG_INVALID_PREDICATE: lasme-meta.adapter-wraps not in ontology
1787998305008 TAG_FAILED lasme-meta GRAPH_TAG_INVALID_PREDICATE: lasme-meta.adapter-unguarded-wrap not in ontology
1787998305008 TAG_FAILED lasme-meta GRAPH_TAG_INVALID_PREDICATE: lasme-meta.delegation-parity-loss not in ontology
1787998305008 TAG_FAILED lasme-meta GRAPH_TAG_INVALID_PREDICATE: lasme-meta.stale-delegation not in ontology
1787998305008 TAG_FAILED lasme-meta GRAPH_TAG_INVALID_PREDICATE: lasme-meta.snapshot-merge-loss not in ontology
1787998305008 TAG_FAILED lasme-meta GRAPH_TAG_INVALID_PREDICATE: lasme-meta.scope-violation not in ontology
1787998305008 TAG_FAILED lasme-meta GRAPH_TAG_INVALID_PREDICATE: lasme-meta.state-machine-topology-drift not in ontology
1787998305008 TAG_FAILED lasme-meta GRAPH_TAG_INVALID_PREDICATE: lasme-meta.state-machine-scattered-flags not in ontology
1787998305008 TAG_FAILED lasme-meta GRAPH_TAG_INVALID_PREDICATE: lasme-meta.state-machine-unreachable not in ontology
1787998305008 TAG_FAILED lasme-meta GRAPH_TAG_INVALID_PREDICATE: lasme-meta.mpse-threshold-critical not in ontology
1787999158899 TAG_FAILED R25-mpse-oracle GRAPH_TAG_INVALID_PREDICATE: epsilon not in ontology
1787999158899 TAG_FAILED R25-mpse-oracle GRAPH_TAG_INVALID_PREDICATE: epsilon not in ontology
1787999158899 TAG_FAILED R25-mpse-oracle GRAPH_TAG_INVALID_PREDICATE: threshold not in ontology
1787999158899 TAG_FAILED R25-mpse-oracle GRAPH_TAG_INVALID_PREDICATE: epsilon not in ontology
1787999158899 TAG_FAILED R26-mpse-stage GRAPH_TAG_INVALID_PREDICATE: stage.skipped-pre not in ontology
1787999158899 TAG_FAILED R26-mpse-stage GRAPH_TAG_INVALID_PREDICATE: stage.violated-inv not in ontology
1787999158899 TAG_FAILED R26-mpse-stage GRAPH_TAG_INVALID_PREDICATE: stage.unsequenced not in ontology
1787999158899 TAG_FAILED R26-mpse-stage GRAPH_TAG_INVALID_PREDICATE: stage.missing-post not in ontology
1787999158899 TAG_FAILED R26-mpse-stage GRAPH_TAG_INVALID_PREDICATE: stage.skipped-pre not in ontology
1787999158899 TAG_FAILED R27-mpse-provenance GRAPH_TAG_INVALID_PREDICATE: provenance.trace-gap not in ontology
1787999158899 TAG_FAILED R27-mpse-provenance GRAPH_TAG_INVALID_PREDICATE: provenance.orphaned not in ontology
1787999158899 TAG_FAILED R27-mpse-provenance GRAPH_TAG_INVALID_PREDICATE: provenance.divergent not in ontology
1787999158899 TAG_FAILED R27-mpse-provenance GRAPH_TAG_INVALID_PREDICATE: provenance.trace-gap not in ontology
1787999158899 TAG_FAILED R27-mpse-provenance GRAPH_TAG_INVALID_PREDICATE: provenance.ambiguous not in ontology
1787999158899 TAG_FAILED mpse-meta GRAPH_TAG_INVALID_PREDICATE: contract.violated not in ontology
1787999158899 TAG_FAILED mpse-meta GRAPH_TAG_INVALID_PREDICATE: contract.drift not in ontology
1787999158899 TAG_FAILED mpse-meta GRAPH_TAG_INVALID_PREDICATE: contract.drift not in ontology
1787999158899 TAG_FAILED mpse-meta GRAPH_TAG_INVALID_PREDICATE: oracle.missing-wiring not in ontology
1787999158899 TAG_FAILED mpse-meta GRAPH_TAG_INVALID_PREDICATE: oracle.unguarded not in ontology
1787999158899 TAG_FAILED mpse-meta GRAPH_TAG_INVALID_PREDICATE: stage.violated-inv not in ontology
1787999158899 TAG_FAILED mpse-meta GRAPH_TAG_INVALID_PREDICATE: stage.skipped-pre not in ontology
1787999158899 TAG_FAILED mpse-meta GRAPH_TAG_INVALID_PREDICATE: provenance.trace-gap not in ontology
1787999158899 TAG_FAILED mpse-meta GRAPH_TAG_INVALID_PREDICATE: stage.violated-inv not in ontology
1787999158899 TAG_FAILED mpse-meta GRAPH_TAG_INVALID_PREDICATE: provenance.divergent not in ontology
1788021945303 TAG_FAILED R18-lasme-lexicon GRAPH_TAG_INVALID_PREDICATE: lexicon.family not in ontology
1788021945303 TAG_FAILED R18-lasme-lexicon GRAPH_TAG_INVALID_PREDICATE: lexicon.threshold not in ontology
1788021945303 TAG_FAILED R18-lasme-lexicon GRAPH_TAG_INVALID_PREDICATE: lexicon.tower not in ontology
1788021945303 TAG_FAILED R18-lasme-lexicon GRAPH_TAG_INVALID_PREDICATE: lexicon.detector not in ontology
1788021945318 TAG_FAILED R20-lasme-state-machine GRAPH_TAG_INVALID_PREDICATE: state-machine.scattered-flags not in ontology
1788021945318 TAG_FAILED R20-lasme-state-machine GRAPH_TAG_INVALID_PREDICATE: state-machine.missing-terminal not in ontology
1788021945318 TAG_FAILED R20-lasme-state-machine GRAPH_TAG_INVALID_PREDICATE: state-machine.missing-terminal not in ontology
1788021945324 TAG_FAILED R22-lasme-adapter GRAPH_TAG_INVALID_PREDICATE: adapter.unguarded-wrap not in ontology
1788021945324 TAG_FAILED R22-lasme-adapter GRAPH_TAG_INVALID_PREDICATE: adapter.unguarded-wrap not in ontology
1788021945324 TAG_FAILED R22-lasme-adapter GRAPH_TAG_INVALID_PREDICATE: adapter.unguarded-wrap not in ontology
1788021945324 TAG_FAILED R22-lasme-adapter GRAPH_TAG_INVALID_PREDICATE: adapter.delegation-parity not in ontology
1788021945324 TAG_FAILED R22-lasme-adapter GRAPH_TAG_INVALID_PREDICATE: adapter.stale-delegation not in ontology
1788021945324 TAG_FAILED R23-lasme-mpse-threshold GRAPH_TAG_INVALID_PREDICATE: mpse.threshold not in ontology
1788021945324 TAG_FAILED R23-lasme-mpse-threshold GRAPH_TAG_INVALID_PREDICATE: mpse.threshold not in ontology
1788021945324 TAG_FAILED R23-lasme-mpse-threshold GRAPH_TAG_INVALID_PREDICATE: mpse.threshold not in ontology
1788021945324 TAG_FAILED R23-lasme-mpse-threshold GRAPH_TAG_INVALID_PREDICATE: mpse.threshold not in ontology
1788021945324 TAG_FAILED R23-lasme-mpse-threshold GRAPH_TAG_INVALID_PREDICATE: mpse.threshold not in ontology
1788021945324 TAG_FAILED R23-lasme-mpse-threshold GRAPH_TAG_INVALID_PREDICATE: mpse.threshold not in ontology
1788021945324 TAG_FAILED R23-lasme-mpse-threshold GRAPH_TAG_INVALID_PREDICATE: mpse.threshold not in ontology
1788021945324 TAG_FAILED lasme-meta GRAPH_TAG_INVALID_PREDICATE: lasme-meta.orphan-actor not in ontology
1788021945324 TAG_FAILED lasme-meta GRAPH_TAG_INVALID_PREDICATE: lasme-meta.actor-missing-subscribe not in ontology
1788021945324 TAG_FAILED lasme-meta GRAPH_TAG_INVALID_PREDICATE: lasme-meta.topology-drift not in ontology
1788021945324 TAG_FAILED lasme-meta GRAPH_TAG_INVALID_PREDICATE: lasme-meta.silent-degrade not in ontology
1788021945324 TAG_FAILED lasme-meta GRAPH_TAG_INVALID_PREDICATE: lasme-meta.adapter-parity-stub not in ontology
1788021945324 TAG_FAILED lasme-meta GRAPH_TAG_INVALID_PREDICATE: lasme-meta.adapter-wraps not in ontology
1788021945325 TAG_FAILED lasme-meta GRAPH_TAG_INVALID_PREDICATE: lasme-meta.adapter-unguarded-wrap not in ontology
1788021945325 TAG_FAILED lasme-meta GRAPH_TAG_INVALID_PREDICATE: lasme-meta.delegation-parity-loss not in ontology
1788021945325 TAG_FAILED lasme-meta GRAPH_TAG_INVALID_PREDICATE: lasme-meta.stale-delegation not in ontology
1788021945325 TAG_FAILED lasme-meta GRAPH_TAG_INVALID_PREDICATE: lasme-meta.snapshot-merge-loss not in ontology
1788021945325 TAG_FAILED lasme-meta GRAPH_TAG_INVALID_PREDICATE: lasme-meta.scope-violation not in ontology
1788021945325 TAG_FAILED lasme-meta GRAPH_TAG_INVALID_PREDICATE: lasme-meta.state-machine-topology-drift not in ontology
1788021945325 TAG_FAILED lasme-meta GRAPH_TAG_INVALID_PREDICATE: lasme-meta.state-machine-scattered-flags not in ontology
1788021945325 TAG_FAILED lasme-meta GRAPH_TAG_INVALID_PREDICATE: lasme-meta.state-machine-unreachable not in ontology
1788021945325 TAG_FAILED lasme-meta GRAPH_TAG_INVALID_PREDICATE: lasme-meta.mpse-threshold-critical not in ontology
1788022241336 TAG_FAILED R18-lasme-lexicon GRAPH_TAG_INVALID_PREDICATE: lexicon.family not in ontology
1788022241336 TAG_FAILED R18-lasme-lexicon GRAPH_TAG_INVALID_PREDICATE: lexicon.threshold not in ontology
1788022241336 TAG_FAILED R18-lasme-lexicon GRAPH_TAG_INVALID_PREDICATE: lexicon.tower not in ontology
1788022241336 TAG_FAILED R18-lasme-lexicon GRAPH_TAG_INVALID_PREDICATE: lexicon.detector not in ontology
1788022241350 TAG_FAILED R20-lasme-state-machine GRAPH_TAG_INVALID_PREDICATE: state-machine.scattered-flags not in ontology
1788022241350 TAG_FAILED R20-lasme-state-machine GRAPH_TAG_INVALID_PREDICATE: state-machine.scattered-flags not in ontology
1788022241350 TAG_FAILED R20-lasme-state-machine GRAPH_TAG_INVALID_PREDICATE: state-machine.missing-terminal not in ontology
1788022241350 TAG_FAILED R20-lasme-state-machine GRAPH_TAG_INVALID_PREDICATE: state-machine.missing-terminal not in ontology
1788022241350 TAG_FAILED R20-lasme-state-machine GRAPH_TAG_INVALID_PREDICATE: state-machine.unreachable not in ontology
1788022241350 TAG_FAILED R20-lasme-state-machine GRAPH_TAG_INVALID_PREDICATE: state-machine.topology-drift not in ontology
1788022241350 TAG_FAILED R21-lasme-engine GRAPH_TAG_INVALID_PREDICATE: engine.silentDegrade not in ontology
1788022241350 TAG_FAILED R21-lasme-engine GRAPH_TAG_INVALID_PREDICATE: engine.unguardedWrite not in ontology
1788022241350 TAG_FAILED R21-lasme-engine GRAPH_TAG_INVALID_PREDICATE: engine.silentDegrade not in ontology
1788022241358 TAG_FAILED R23-lasme-mpse-threshold GRAPH_TAG_INVALID_PREDICATE: mpse.threshold not in ontology
1788023308105 TAG_FAILED R24-mpse-contract GRAPH_TAG_INVALID_PREDICATE: contract.violated not in ontology
1788023308106 TAG_FAILED R24-mpse-contract GRAPH_TAG_INVALID_PREDICATE: contract.violated not in ontology
1788023308106 TAG_FAILED R24-mpse-contract GRAPH_TAG_INVALID_PREDICATE: contract.violated not in ontology
1788023308106 TAG_FAILED R24-mpse-contract GRAPH_TAG_INVALID_PREDICATE: contract.violated not in ontology
1788023308106 TAG_FAILED R24-mpse-contract GRAPH_TAG_INVALID_PREDICATE: contract.unimplemented not in ontology
1788023308106 TAG_FAILED R24-mpse-contract GRAPH_TAG_INVALID_PREDICATE: contract.violated not in ontology
1788023308119 TAG_FAILED R26-mpse-stage GRAPH_TAG_INVALID_PREDICATE: stage.missing-post not in ontology
1788023308119 TAG_FAILED R26-mpse-stage GRAPH_TAG_INVALID_PREDICATE: stage.violated-inv not in ontology
1788023308119 TAG_FAILED R27-mpse-provenance GRAPH_TAG_INVALID_PREDICATE: provenance.trace-gap not in ontology
1788023308119 TAG_FAILED R27-mpse-provenance GRAPH_TAG_INVALID_PREDICATE: provenance.trace-gap not in ontology
1788023308119 TAG_FAILED R27-mpse-provenance GRAPH_TAG_INVALID_PREDICATE: provenance.divergent not in ontology
1788023308119 TAG_FAILED R27-mpse-provenance GRAPH_TAG_INVALID_PREDICATE: provenance.ambiguous not in ontology
1788023688209 TAG_FAILED R24-mpse-contract GRAPH_TAG_INVALID_PREDICATE: contract.missing-guard not in ontology
1788023688210 TAG_FAILED R24-mpse-contract GRAPH_TAG_INVALID_PREDICATE: contract.unimplemented not in ontology
1788023688210 TAG_FAILED R24-mpse-contract GRAPH_TAG_INVALID_PREDICATE: contract.violated not in ontology
1788023688210 TAG_FAILED R24-mpse-contract GRAPH_TAG_INVALID_PREDICATE: contract.missing-guard not in ontology
1788023688222 TAG_FAILED R26-mpse-stage GRAPH_TAG_INVALID_PREDICATE: stage.missing-post not in ontology
1788023688222 TAG_FAILED R26-mpse-stage GRAPH_TAG_INVALID_PREDICATE: stage.violated-inv not in ontology
1788023688222 TAG_FAILED R26-mpse-stage GRAPH_TAG_INVALID_PREDICATE: stage.unsequenced not in ontology
1788023688222 TAG_FAILED R27-mpse-provenance GRAPH_TAG_INVALID_PREDICATE: provenance.divergent not in ontology
1788023688222 TAG_FAILED R27-mpse-provenance GRAPH_TAG_INVALID_PREDICATE: provenance.trace-gap not in ontology
1788023688222 TAG_FAILED R27-mpse-provenance GRAPH_TAG_INVALID_PREDICATE: provenance.trace-gap not in ontology
1788023688222 TAG_FAILED R27-mpse-provenance GRAPH_TAG_INVALID_PREDICATE: provenance.ambiguous not in ontology
1788023688222 TAG_FAILED R27-mpse-provenance GRAPH_TAG_INVALID_PREDICATE: provenance.orphaned not in ontology
1788023991222 TAG_FAILED R28-sro-graph GRAPH_TAG_INVALID_PREDICATE: graph-structure.orphaned not in ontology
1788023991222 TAG_FAILED R28-sro-graph GRAPH_TAG_INVALID_PREDICATE: graph-structure.layer-violation not in ontology
1788023991222 TAG_FAILED R28-sro-graph GRAPH_TAG_INVALID_PREDICATE: graph-structure.anomaly not in ontology
1788023991222 TAG_FAILED R29-sro-path GRAPH_TAG_INVALID_PREDICATE: impact-path.blast-radius not in ontology
1788023991222 TAG_FAILED R29-sro-path GRAPH_TAG_INVALID_PREDICATE: impact-path.blast-radius not in ontology
1788023991222 TAG_FAILED R29-sro-path GRAPH_TAG_INVALID_PREDICATE: impact-path.classification not in ontology
1788023991222 TAG_FAILED R29-sro-path GRAPH_TAG_INVALID_PREDICATE: impact-path.blast-radius not in ontology
1788023991222 TAG_FAILED R29-sro-path GRAPH_TAG_INVALID_PREDICATE: impact-path.blast-radius not in ontology
1788023991222 TAG_FAILED R29-sro-path GRAPH_TAG_INVALID_PREDICATE: impact-path.blast-radius not in ontology
1788023991222 TAG_FAILED R30-sro-dead-code GRAPH_TAG_INVALID_PREDICATE: dead-code.function not in ontology
1788023991222 TAG_FAILED R30-sro-dead-code GRAPH_TAG_INVALID_PREDICATE: dead-code.export not in ontology
1788023991222 TAG_FAILED R30-sro-dead-code GRAPH_TAG_INVALID_PREDICATE: dead-code.export not in ontology
1788023991222 TAG_FAILED R31-sro-cycles GRAPH_TAG_INVALID_PREDICATE: cycles.import not in ontology
1788023991222 TAG_FAILED R31-sro-cycles GRAPH_TAG_INVALID_PREDICATE: cycles.import not in ontology
1788023991222 TAG_FAILED R31-sro-cycles GRAPH_TAG_INVALID_PREDICATE: cycles.scc not in ontology
1788023991222 TAG_FAILED R31-sro-cycles GRAPH_TAG_INVALID_PREDICATE: cycles.scc not in ontology
1788023991222 TAG_FAILED R31-sro-cycles GRAPH_TAG_INVALID_PREDICATE: cycles.import not in ontology
1788023991222 TAG_FAILED R31-sro-cycles GRAPH_TAG_INVALID_PREDICATE: cycles.confirmed-absent not in ontology
1788023991222 TAG_FAILED R31-sro-cycles GRAPH_TAG_INVALID_PREDICATE: cycles.import not in ontology
1788023991222 TAG_FAILED R31-sro-cycles GRAPH_TAG_INVALID_PREDICATE: cycles.import not in ontology
1788023991222 TAG_FAILED R31-sro-cycles GRAPH_TAG_INVALID_PREDICATE: cycles.scc not in ontology
1788023991222 TAG_FAILED R31-sro-cycles GRAPH_TAG_INVALID_PREDICATE: cycles.scc not in ontology
1788023991222 TAG_FAILED R31-sro-cycles GRAPH_TAG_INVALID_PREDICATE: cycles.import not in ontology
1788023991222 TAG_FAILED R31-sro-cycles GRAPH_TAG_INVALID_PREDICATE: cycles.confirmed-absent not in ontology
1788024422836 TAG_FAILED R28-sro-graph GRAPH_TAG_INVALID_PREDICATE: graph-structure.anomaly not in ontology
1788024422836 TAG_FAILED R28-sro-graph GRAPH_TAG_INVALID_PREDICATE: graph-structure.anomaly not in ontology
1788024422836 TAG_FAILED R28-sro-graph GRAPH_TAG_INVALID_PREDICATE: graph-structure.layer-violation not in ontology
1788024422836 TAG_FAILED R28-sro-graph GRAPH_TAG_INVALID_PREDICATE: graph-structure.layer-violation not in ontology
1788024422836 TAG_FAILED R28-sro-graph GRAPH_TAG_INVALID_PREDICATE: graph-structure.anomaly not in ontology
1788024422836 TAG_FAILED R29-sro-path GRAPH_TAG_INVALID_PREDICATE: impact-path.classification not in ontology
1788024422836 TAG_FAILED R29-sro-path GRAPH_TAG_INVALID_PREDICATE: impact-path.blast-radius not in ontology
1788024422836 TAG_FAILED R29-sro-path GRAPH_TAG_INVALID_PREDICATE: impact-path.blast-radius not in ontology
1788024422836 TAG_FAILED R30-sro-dead-code GRAPH_TAG_INVALID_PREDICATE: dead-code.export not in ontology
1788024422836 TAG_FAILED R30-sro-dead-code GRAPH_TAG_INVALID_PREDICATE: dead-code.export not in ontology
1788024422836 TAG_FAILED R30-sro-dead-code GRAPH_TAG_INVALID_PREDICATE: dead-code.export not in ontology
1788024422836 TAG_FAILED R30-sro-dead-code GRAPH_TAG_INVALID_PREDICATE: dead-code.function not in ontology
1788024422836 TAG_FAILED R31-sro-cycles GRAPH_TAG_INVALID_PREDICATE: cycles.import not in ontology
1788024422836 TAG_FAILED R31-sro-cycles GRAPH_TAG_INVALID_PREDICATE: cycles.scc not in ontology
1788024422836 TAG_FAILED R31-sro-cycles GRAPH_TAG_INVALID_PREDICATE: cycles.import not in ontology
1788024422836 TAG_FAILED R31-sro-cycles GRAPH_TAG_INVALID_PREDICATE: cycles.import not in ontology
1788175298926 TAG_FAILED R18-lasme-lexicon GRAPH_TAG_INVALID_PREDICATE: lexicon.drift not in ontology
1788175298927 TAG_FAILED R18-lasme-lexicon GRAPH_TAG_INVALID_PREDICATE: lexicon.drift not in ontology
1788175298937 TAG_FAILED R20-lasme-state-machine GRAPH_TAG_INVALID_PREDICATE: state-machine.unreachable-state not in ontology
1788175958548 TAG_FAILED R28-sro-graph CHECK constraint failed: kind IN ('File','Class','Function','Interface','Module','Machine','Actor','Engine','Adapter','Container','Lexicon','Contract','Threshold','Gate','EvidenceFile','SpecClause')
1788175958550 TAG_FAILED R28-sro-graph CHECK constraint failed: kind IN ('File','Class','Function','Interface','Module','Machine','Actor','Engine','Adapter','Container','Lexicon','Contract','Threshold','Gate','EvidenceFile','SpecClause')
1788175958550 TAG_FAILED R28-sro-graph CHECK constraint failed: kind IN ('File','Class','Function','Interface','Module','Machine','Actor','Engine','Adapter','Container','Lexicon','Contract','Threshold','Gate','EvidenceFile','SpecClause')
1788175958550 TAG_FAILED R28-sro-graph GRAPH_TAG_INVALID_PREDICATE: graph-structure.cycle not in ontology
1788175958551 TAG_FAILED R28-sro-graph CHECK constraint failed: kind IN ('File','Class','Function','Interface','Module','Machine','Actor','Engine','Adapter','Container','Lexicon','Contract','Threshold','Gate','EvidenceFile','SpecClause')
1788175958551 TAG_FAILED R29-sro-path CHECK constraint failed: kind IN ('File','Class','Function','Interface','Module','Machine','Actor','Engine','Adapter','Container','Lexicon','Contract','Threshold','Gate','EvidenceFile','SpecClause')
1788175958552 TAG_FAILED R29-sro-path CHECK constraint failed: kind IN ('File','Class','Function','Interface','Module','Machine','Actor','Engine','Adapter','Container','Lexicon','Contract','Threshold','Gate','EvidenceFile','SpecClause')
1788175958552 TAG_FAILED R29-sro-path CHECK constraint failed: kind IN ('File','Class','Function','Interface','Module','Machine','Actor','Engine','Adapter','Container','Lexicon','Contract','Threshold','Gate','EvidenceFile','SpecClause')
1788175958552 TAG_FAILED R29-sro-path CHECK constraint failed: kind IN ('File','Class','Function','Interface','Module','Machine','Actor','Engine','Adapter','Container','Lexicon','Contract','Threshold','Gate','EvidenceFile','SpecClause')
1788175958552 TAG_FAILED R29-sro-path CHECK constraint failed: kind IN ('File','Class','Function','Interface','Module','Machine','Actor','Engine','Adapter','Container','Lexicon','Contract','Threshold','Gate','EvidenceFile','SpecClause')
1788194113789 TAG_FAILED R28-sro-graph GRAPH_TAG_INVALID_PREDICATE: graph-structure.cycle not in ontology
